    Finished `release` profile [optimized + debuginfo] target(s) in 0.04s
{"impl": "python", "device": "cuda", "threads": 4, "batch_size": 16, "single": {"n": 500, "mean_ms": 6.397309017746011, "p50_ms": 6.353866003337316, "p99_ms": 7.029550994047895, "rows_per_s": 156.31572544424841}, "batch": {"n": 2000, "best_s": 1.3948283689969685, "rows_per_s": 1433.8681693420208}, "long": [{"tokens": 933, "best_ms": 7.648915008758195}, {"tokens": 3928, "best_ms": 36.8441390019143}, {"tokens": 7556, "best_ms": 114.00099699676502}]}
loaded ../../ai/Julia-1 on cuda:0 (NVIDIA GeForce RTX 4090) in 0.74s
{"impl":"rust","device":"cuda","threads":4,"batch_size":16,"single":{"n":500,"mean_ms":0.9340930820000001,"p50_ms":0.919783,"p99_ms":1.0349510000000002,"rows_per_s":1070.5571203448865},"batch":{"n":2000,"best_s":0.624536148,"rows_per_s":3202.376686128983},"long":[{"tokens":933,"best_ms":1.997763},{"tokens":3928,"best_ms":7.478826},{"tokens":7556,"best_ms":20.505685999999997}]}
{"impl": "python", "device": "cpu", "threads": 4, "batch_size": 16, "single": {"n": 200, "mean_ms": 37.01735503957025, "p50_ms": 37.71807499288116, "p99_ms": 41.254379000747576, "rows_per_s": 27.01435580502808}, "batch": {"n": 2000, "best_s": 136.8110821099981, "rows_per_s": 14.618698786345181}, "long": [{"tokens": 933, "best_ms": 247.39596199651714}, {"tokens": 3928, "best_ms": 2176.2241409887793}, {"tokens": 7556, "best_ms": 6742.279506011982}]}
loaded ../../ai/Julia-1 on cpu (4 threads) in 0.62s
{"impl":"rust","device":"cpu","threads":4,"batch_size":16,"single":{"n":200,"mean_ms":27.576447059999982,"p50_ms":27.989619,"p99_ms":31.959923,"rows_per_s":36.262829574246126},"batch":{"n":2000,"best_s":101.672079327,"rows_per_s":19.671083873160057},"long":[{"tokens":933,"best_ms":176.44241499999998},{"tokens":3928,"best_ms":1119.282973},{"tokens":7556,"best_ms":3041.592403}]}
{"impl": "python", "device": "cpu", "threads": 16, "batch_size": 16, "single": {"n": 200, "mean_ms": 26.253518075609463, "p50_ms": 26.253883996105287, "p99_ms": 30.30496000428684, "rows_per_s": 38.09013318215202}, "batch": {"n": 2000, "best_s": 60.802526362007484, "rows_per_s": 32.89337005657222}, "long": [{"tokens": 933, "best_ms": 125.37241000973154}, {"tokens": 3928, "best_ms": 874.6381109958747}, {"tokens": 7556, "best_ms": 2852.1717409894336}]}
loaded ../../ai/Julia-1 on cpu (16 threads) in 0.68s
{"impl":"rust","device":"cpu","threads":16,"batch_size":16,"single":{"n":200,"mean_ms":19.378735719999998,"p50_ms":19.741129,"p99_ms":22.068137,"rows_per_s":51.602953590411005},"batch":{"n":2000,"best_s":45.881316186,"rows_per_s":43.59072856349902},"long":[{"tokens":933,"best_ms":88.776629},{"tokens":3928,"best_ms":439.07214},{"tokens":7556,"best_ms":1080.433738}]}
| Config | Metric | Python | Rust | Speedup |
| --- | --- | ---: | ---: | ---: |
| CUDA | single request, mean | 6.4 ms | 0.9 ms | **6.85×** |
| CUDA | 2,000 rows, batch 16 | 1,434 rows/s | 3,202 rows/s | **2.23×** |
| CUDA | 933-token request | 7.6 ms | 2.0 ms | **3.83×** |
| CUDA | 3,928-token request | 36.8 ms | 7.5 ms | **4.93×** |
| CUDA | 7,556-token request | 114 ms | 20.5 ms | **5.56×** |
| CPU 4 threads | single request, mean | 37.0 ms | 27.6 ms | **1.34×** |
| CPU 4 threads | 2,000 rows, batch 16 | 14.6 rows/s | 19.7 rows/s | **1.35×** |
| CPU 4 threads | 933-token request | 247 ms | 176 ms | **1.40×** |
| CPU 4 threads | 3,928-token request | 2,176 ms | 1,119 ms | **1.94×** |
| CPU 4 threads | 7,556-token request | 6,742 ms | 3,042 ms | **2.22×** |
| CPU 16 threads | single request, mean | 26.3 ms | 19.4 ms | **1.35×** |
| CPU 16 threads | 2,000 rows, batch 16 | 32.9 rows/s | 43.6 rows/s | **1.33×** |
| CPU 16 threads | 933-token request | 125 ms | 88.8 ms | **1.41×** |
| CPU 16 threads | 3,928-token request | 875 ms | 439 ms | **1.99×** |
| CPU 16 threads | 7,556-token request | 2,852 ms | 1,080 ms | **2.64×** |
